~/workspace$ cd skilladerai-voicetest
bash: cd: skilladerai-voicetest: No such file or directory
~/workspace$ git init
error: could not lock config file /home/runner/workspace/.git/config: File exists
fatal: could not set 'core.repositoryformatversion' to '0'
~/workspace$ git status
On branch main
nothing to commit, working tree clean
~/workspace$ git remote -v
~/workspace$ git status
On branch main
nothing to commit, working tree clean
~/workspace$ git push https://github.com/IamDejman/skilladerai-voicetest.git
fatal: The current branch main has no upstream branch.
To push the current branch and set the remote as upstream, use

    git push --set-upstream https://github.com/IamDejman/skilladerai-voicetest.git main

To have this happen automatically for branches without a tracking
upstream, see 'push.autoSetupRemote' in 'git help config'.

~/workspace$ git push --set-upstream https://github.com/IamDejman/skilladerai-voicetest.git main
remote: Support for password authentication was removed on August 13, 2021.
remote: Please see https://docs.github.com/get-started/getting-started-with-git/about-remote-repositories#cloning-with-https-urls for information on currently recommended modes of authentication.
fatal: Authentication failed for 'https://github.com/IamDejman/skilladerai-voicetest.git/'
~/workspace$ git push 
fatal: No configured push destination.
Either specify the URL from the command-line or configure a remote repository using

    git remote add <name> <url>

and then push using the remote name

    git push <name>

~/workspace$ git push https://github.com/IamDejman/skilladerai-voicetest.git
fatal: The current branch main has no upstream branch.
To push the current branch and set the remote as upstream, use

    git push --set-upstream https://github.com/IamDejman/skilladerai-voicetest.git main

To have this happen automatically for branches without a tracking
upstream, see 'push.autoSetupRemote' in 'git help config'.

~/workspace$ git pull
There is no tracking information for the current branch.
Please specify which branch you want to merge with.
See git-pull(1) for details.

    git pull <remote> <branch>

If you wish to set tracking information for this branch you can do so with:

    git branch --set-upstream-to=<remote>/<branch> main

~/workspace$ git pull https://github.com/IamDejman/skilladerai-voicetest.git
remote: Enumerating objects: 5, done.
remote: Counting objects: 100% (5/5), done.
remote: Compressing objects: 100% (3/3), done.
remote: Total 5 (delta 0), reused 0 (delta 0), pack-reused 0 (from 0)
Unpacking objects: 100% (5/5), 1.80 MiB | 11.47 MiB/s, done.
From https://github.com/IamDejman/skilladerai-voicetest
 * branch            HEAD       -> FETCH_HEAD
hint: You have divergent branches and need to specify how to reconcile them.
hint: You can do so by running one of the following commands sometime before
hint: your next pull:
hint:
hint:   git config pull.rebase false  # merge
hint:   git config pull.rebase true   # rebase
hint:   git config pull.ff only       # fast-forward only
hint:
hint: You can replace "git config" with "git config --global" to set a default
hint: preference for all repositories. You can also pass --rebase, --no-rebase,
hint: or --ff-only on the command line to override the configured default per
hint: invocation.
fatal: Need to specify how to reconcile divergent branches.
~/workspace$ git push https://github.com/IamDejman/skilladerai-voicetest.git
fatal: The current branch main has no upstream branch.
To push the current branch and set the remote as upstream, use

    git push --set-upstream https://github.com/IamDejman/skilladerai-voicetest.git main

To have this happen automatically for branches without a tracking
upstream, see 'push.autoSetupRemote' in 'git help config'.

~/workspace$ git push main 
fatal: The current branch main has no upstream branch.
To push the current branch and set the remote as upstream, use

    git push --set-upstream main main

To have this happen automatically for branches without a tracking
upstream, see 'push.autoSetupRemote' in 'git help config'.

~/workspace$ git push main main
fatal: 'main' does not appear to be a git repository
fatal: Could not read from remote repository.

Please make sure you have the correct access rights
and the repository exists.
~/workspace$ git push --set-upstream main main
fatal: 'main' does not appear to be a git repository
fatal: Could not read from remote repository.

Please make sure you have the correct access rights
and the repository exists.
~/workspace$ git push --set-upstream main
fatal: The current branch main has no upstream branch.
To push the current branch and set the remote as upstream, use

    git push --set-upstream main main

To have this happen automatically for branches without a tracking
upstream, see 'push.autoSetupRemote' in 'git help config'.
